::1 - - [15/Apr/2020:18:27:22 +0000] "GET /api/blog/list HTTP/1.0" 200 930 "http://localhost:8080/" "Mozilla/5.0 (Windows NT 10.0; Win64; x64) AppleWebKit/537.36 (KHTML, like Gecko) Chrome/80.0.3987.116 Safari/537.36 OPR/67.0.3575.130"
::ffff:127.0.0.1 - - [22/Apr/2020:13:29:23 +0000] "POST /api/PCA/postFile HTTP/1.0" 200 12 "http://localhost:8080/test.html" "Mozilla/5.0 (Windows NT 10.0; Win64; x64; rv:75.0) Gecko/20100101 Firefox/75.0"
::1 - - [22/Apr/2020:13:33:01 +0000] "POST /api/PCA/postFile HTTP/1.0" 200 12 "http://localhost:8080/test.html" "Mozilla/5.0 (Windows NT 10.0; Win64; x64; rv:75.0) Gecko/20100101 Firefox/75.0"
::1 - - [22/Apr/2020:14:12:03 +0000] "POST /api/PCA/postFile HTTP/1.0" 200 12 "http://localhost:8080/test.html" "Mozilla/5.0 (Windows NT 10.0; Win64; x64; rv:75.0) Gecko/20100101 Firefox/75.0"
::ffff:127.0.0.1 - - [22/Apr/2020:14:55:03 +0000] "POST /api/PCA/postFile HTTP/1.0" 200 12 "http://localhost:8080/test.html" "Mozilla/5.0 (Windows NT 10.0; Win64; x64; rv:75.0) Gecko/20100101 Firefox/75.0"
::ffff:127.0.0.1 - - [22/Apr/2020:14:56:20 +0000] "POST /api/PCA/postFile HTTP/1.0" 200 12 "http://localhost:8080/test.html" "Mozilla/5.0 (Windows NT 10.0; Win64; x64; rv:75.0) Gecko/20100101 Firefox/75.0"
::1 - - [22/Apr/2020:14:57:38 +0000] "POST /api/PCA/postFile HTTP/1.0" 200 12 "http://localhost:8080/test.html" "Mozilla/5.0 (Windows NT 10.0; Win64; x64; rv:75.0) Gecko/20100101 Firefox/75.0"
::1 - - [22/Apr/2020:14:59:06 +0000] "POST /api/PCA/postFile HTTP/1.0" 200 12 "http://localhost:8080/test.html" "Mozilla/5.0 (Windows NT 10.0; Win64; x64; rv:75.0) Gecko/20100101 Firefox/75.0"
::ffff:127.0.0.1 - - [22/Apr/2020:15:00:00 +0000] "POST /api/PCA/postFile HTTP/1.0" 200 12 "http://localhost:8080/test.html" "Mozilla/5.0 (Windows NT 10.0; Win64; x64; rv:75.0) Gecko/20100101 Firefox/75.0"
::ffff:127.0.0.1 - - [22/Apr/2020:15:17:59 +0000] "POST /api/PCA/postFile HTTP/1.0" 200 12 "http://localhost:8080/test.html" "Mozilla/5.0 (Windows NT 10.0; Win64; x64; rv:75.0) Gecko/20100101 Firefox/75.0"
::1 - - [22/Apr/2020:15:19:18 +0000] "POST /api/PCA/postFile HTTP/1.0" 200 12 "http://localhost:8080/test.html" "Mozilla/5.0 (Windows NT 10.0; Win64; x64; rv:75.0) Gecko/20100101 Firefox/75.0"
::1 - - [22/Apr/2020:17:14:32 +0000] "POST /api/user/login HTTP/1.0" 200 16 "http://localhost:8080/login" "Mozilla/5.0 (Windows NT 10.0; Win64; x64; rv:75.0) Gecko/20100101 Firefox/75.0"
::ffff:127.0.0.1 - - [22/Apr/2020:17:14:32 +0000] "POST /api/user/login HTTP/1.0" 200 16 "http://localhost:8080/login" "Mozilla/5.0 (Windows NT 10.0; Win64; x64; rv:75.0) Gecko/20100101 Firefox/75.0"
::ffff:127.0.0.1 - - [22/Apr/2020:17:14:32 +0000] "POST /api/user/login HTTP/1.0" - - "http://localhost:8080/login" "Mozilla/5.0 (Windows NT 10.0; Win64; x64; rv:75.0) Gecko/20100101 Firefox/75.0"
::1 - - [22/Apr/2020:17:14:34 +0000] "GET /api/blog/list?isadmin=1 HTTP/1.0" 200 51910 "http://localhost:8080/admin.html" "Mozilla/5.0 (Windows NT 10.0; Win64; x64; rv:75.0) Gecko/20100101 Firefox/75.0"
::1 - - [22/Apr/2020:17:15:08 +0000] "POST /api/PCA/postFile HTTP/1.0" 200 12 "http://localhost:8080/test" "Mozilla/5.0 (Windows NT 10.0; Win64; x64; rv:75.0) Gecko/20100101 Firefox/75.0"
::ffff:127.0.0.1 - - [22/Apr/2020:17:20:57 +0000] "GET /api/blog/list?isadmin=1 HTTP/1.0" 200 51910 "http://localhost:8080/admin" "Mozilla/5.0 (Windows NT 10.0; Win64; x64; rv:75.0) Gecko/20100101 Firefox/75.0"
::ffff:127.0.0.1 - - [22/Apr/2020:17:21:04 +0000] "POST /api/PCA/postFile HTTP/1.0" 200 12 "http://localhost:8080/test" "Mozilla/5.0 (Windows NT 10.0; Win64; x64; rv:75.0) Gecko/20100101 Firefox/75.0"
::1 - - [22/Apr/2020:17:26:10 +0000] "POST /api/PCA/postFile HTTP/1.0" 200 12 "http://localhost:8080/test" "Mozilla/5.0 (Windows NT 10.0; Win64; x64; rv:75.0) Gecko/20100101 Firefox/75.0"
::1 - - [22/Apr/2020:17:28:33 +0000] "POST /api/PCA/postFile HTTP/1.0" 200 12 "http://localhost:8080/test" "Mozilla/5.0 (Windows NT 10.0; Win64; x64; rv:75.0) Gecko/20100101 Firefox/75.0"
::ffff:127.0.0.1 - - [22/Apr/2020:17:31:29 +0000] "POST /api/PCA/postFile HTTP/1.0" 200 12 "http://localhost:8080/test" "Mozilla/5.0 (Windows NT 10.0; Win64; x64; rv:75.0) Gecko/20100101 Firefox/75.0"
::ffff:127.0.0.1 - - [23/Apr/2020:02:32:43 +0000] "POST /api/PCA/postFile HTTP/1.0" 200 12 "http://localhost:8080/test" "Mozilla/5.0 (Windows NT 10.0; Win64; x64; rv:75.0) Gecko/20100101 Firefox/75.0"
::1 - - [23/Apr/2020:02:57:29 +0000] "POST /api/PCA/postFile HTTP/1.0" 200 12 "http://localhost:8080/test" "Mozilla/5.0 (Windows NT 10.0; Win64; x64; rv:75.0) Gecko/20100101 Firefox/75.0"
::1 - - [23/Apr/2020:03:25:14 +0000] "POST /api/PCA/postFile HTTP/1.0" 200 12 "http://localhost:8080/test?file=&text=" "Mozilla/5.0 (Windows NT 10.0; Win64; x64; rv:75.0) Gecko/20100101 Firefox/75.0"
::ffff:127.0.0.1 - - [23/Apr/2020:03:38:03 +0000] "POST /api/PCA/postFile HTTP/1.0" 200 12 "http://localhost:8080/test?file=&text=" "Mozilla/5.0 (Windows NT 10.0; Win64; x64; rv:75.0) Gecko/20100101 Firefox/75.0"
::ffff:127.0.0.1 - - [23/Apr/2020:03:39:07 +0000] "POST /api/PCA/postFile HTTP/1.0" 200 12 "http://localhost:8080/test?file=&text=" "Mozilla/5.0 (Windows NT 10.0; Win64; x64; rv:75.0) Gecko/20100101 Firefox/75.0"
::1 - - [23/Apr/2020:03:39:48 +0000] "POST /api/PCA/postFile HTTP/1.0" 500 559 "http://localhost:8080/test?file=&text=" "Mozilla/5.0 (Windows NT 10.0; Win64; x64; rv:75.0) Gecko/20100101 Firefox/75.0"
::1 - - [23/Apr/2020:03:41:05 +0000] "POST /api/PCA/postFile HTTP/1.0" 200 28 "http://localhost:8080/test?file=&text=" "Mozilla/5.0 (Windows NT 10.0; Win64; x64; rv:75.0) Gecko/20100101 Firefox/75.0"
- - - [23/Apr/2020:03:43:06 +0000] "GET /api/blog/list?isadmin=1 HTTP/1.0" - - "http://localhost:8080/admin" "Mozilla/5.0 (Windows NT 10.0; Win64; x64; rv:75.0) Gecko/20100101 Firefox/75.0"
::ffff:127.0.0.1 - - [23/Apr/2020:03:43:14 +0000] "GET /api/blog/detail?id=22 HTTP/1.0" 200 2396 "http://localhost:8080/detail.html?id=22" "Mozilla/5.0 (Windows NT 10.0; Win64; x64; rv:75.0) Gecko/20100101 Firefox/75.0"
::1 - - [23/Apr/2020:03:43:16 +0000] "GET /api/blog/titleList?catelog=%E5%85%B6%E5%AE%83%E7%AC%94%E8%AE%B0 HTTP/1.0" 200 130 "http://localhost:8080/detail.html?id=22" "Mozilla/5.0 (Windows NT 10.0; Win64; x64; rv:75.0) Gecko/20100101 Firefox/75.0"
::1 - - [23/Apr/2020:03:43:41 +0000] "GET /api/blog/titleList?catelog=HTML HTTP/1.0" 200 694 "http://localhost:8080/index_catelog?catelog=HTML" "Mozilla/5.0 (Windows NT 10.0; Win64; x64; rv:75.0) Gecko/20100101 Firefox/75.0"
::ffff:127.0.0.1 - - [23/Apr/2020:03:43:41 +0000] "GET /api/blog/titleList?catelog=HTML HTTP/1.0" 200 694 "http://localhost:8080/index_catelog?catelog=HTML" "Mozilla/5.0 (Windows NT 10.0; Win64; x64; rv:75.0) Gecko/20100101 Firefox/75.0"
::ffff:127.0.0.1 - - [23/Apr/2020:03:43:44 +0000] "GET /api/blog/detail?id=14 HTTP/1.0" 200 8662 "http://localhost:8080/detail?id=14" "Mozilla/5.0 (Windows NT 10.0; Win64; x64; rv:75.0) Gecko/20100101 Firefox/75.0"
::1 - - [23/Apr/2020:03:43:44 +0000] "GET /api/blog/titleList?catelog=HTML HTTP/1.0" 200 694 "http://localhost:8080/detail?id=14" "Mozilla/5.0 (Windows NT 10.0; Win64; x64; rv:75.0) Gecko/20100101 Firefox/75.0"
::1 - - [23/Apr/2020:03:43:53 +0000] "POST /api/PCA/postFile HTTP/1.0" 200 28 "http://localhost:8080/test?file=&text=" "Mozilla/5.0 (Windows NT 10.0; Win64; x64; rv:75.0) Gecko/20100101 Firefox/75.0"
::ffff:127.0.0.1 - - [23/Apr/2020:03:48:25 +0000] "POST /api/PCA/postFile HTTP/1.0" 200 28 "http://localhost:8080/test?file=&text=" "Mozilla/5.0 (Windows NT 10.0; Win64; x64; rv:75.0) Gecko/20100101 Firefox/75.0"
::ffff:127.0.0.1 - - [23/Apr/2020:03:49:00 +0000] "POST /api/PCA/postFile HTTP/1.0" 200 28 "http://localhost:8080/test?file=siliao-end-2.xlsx&text=%E6%96%87%E4%BB%B6" "Mozilla/5.0 (Windows NT 10.0; Win64; x64; rv:75.0) Gecko/20100101 Firefox/75.0"
::1 - - [23/Apr/2020:03:49:08 +0000] "GET /api/PCA/getFile?f=plsr_test&id=1 HTTP/1.0" 200 4961 "http://localhost:8080/test?file=siliao-end-2.xlsx&text=%E6%96%87%E4%BB%B6" "Mozilla/5.0 (Windows NT 10.0; Win64; x64; rv:75.0) Gecko/20100101 Firefox/75.0"
::1 - - [23/Apr/2020:03:50:40 +0000] "POST /api/PCA/postFile HTTP/1.0" 200 28 "http://localhost:8080/test?file=siliao-end-2.xlsx&text=%E6%96%87%E4%BB%B6" "Mozilla/5.0 (Windows NT 10.0; Win64; x64; rv:75.0) Gecko/20100101 Firefox/75.0"
::ffff:127.0.0.1 - - [23/Apr/2020:03:50:45 +0000] "GET /api/PCA/getFile?f=pca_test&id=1 HTTP/1.0" 200 4959 "http://localhost:8080/test?file=siliao-end-2.xlsx&text=%E6%96%87%E4%BB%B6" "Mozilla/5.0 (Windows NT 10.0; Win64; x64; rv:75.0) Gecko/20100101 Firefox/75.0"
::1 - - [29/Apr/2020:13:10:54 +0000] "GET /api/blog/detail?id=14 HTTP/1.0" 200 8662 "http://localhost:8080/detail?id=14" "Mozilla/5.0 (Windows NT 10.0; Win64; x64; rv:75.0) Gecko/20100101 Firefox/75.0"
::1 - - [29/Apr/2020:13:10:55 +0000] "GET /api/blog/titleList?catelog=HTML HTTP/1.0" 200 694 "http://localhost:8080/detail?id=14" "Mozilla/5.0 (Windows NT 10.0; Win64; x64; rv:75.0) Gecko/20100101 Firefox/75.0"
::ffff:127.0.0.1 - - [29/Apr/2020:13:14:22 +0000] "POST /api/user/login HTTP/1.0" - - "http://localhost:8080/login" "Mozilla/5.0 (Windows NT 10.0; Win64; x64; rv:75.0) Gecko/20100101 Firefox/75.0"
::1 - - [01/May/2020:03:34:22 +0000] "GET /api/blog/titleList?catelog=%E6%97%A5%E8%AF%AD HTTP/1.0" 200 543 "http://localhost:8080/index_catelog?catelog=JP" "Mozilla/5.0 (Windows NT 10.0; Win64; x64) AppleWebKit/537.36 (KHTML, like Gecko) Chrome/81.0.4044.113 Safari/537.36 OPR/68.0.3618.56"
::1 - - [01/May/2020:03:34:22 +0000] "GET /api/blog/titleList?catelog=%E6%97%A5%E8%AF%AD HTTP/1.0" 200 543 "http://localhost:8080/index_catelog?catelog=JP" "Mozilla/5.0 (Windows NT 10.0; Win64; x64) AppleWebKit/537.36 (KHTML, like Gecko) Chrome/81.0.4044.113 Safari/537.36 OPR/68.0.3618.56"
::ffff:127.0.0.1 - - [01/May/2020:03:34:26 +0000] "GET /api/blog/detail?id=23 HTTP/1.0" 200 7422 "http://localhost:8080/detail?id=23" "Mozilla/5.0 (Windows NT 10.0; Win64; x64) AppleWebKit/537.36 (KHTML, like Gecko) Chrome/81.0.4044.113 Safari/537.36 OPR/68.0.3618.56"
::ffff:127.0.0.1 - - [01/May/2020:03:34:26 +0000] "GET /api/blog/titleList?catelog=%E6%97%A5%E8%AF%AD HTTP/1.0" 200 543 "http://localhost:8080/detail?id=23" "Mozilla/5.0 (Windows NT 10.0; Win64; x64) AppleWebKit/537.36 (KHTML, like Gecko) Chrome/81.0.4044.113 Safari/537.36 OPR/68.0.3618.56"
::1 - - [01/May/2020:11:04:19 +0000] "GET /api/blog/titleList?catelog=HTML HTTP/1.0" 200 694 "http://localhost:8080/index_catelog?catelog=HTML" "Mozilla/5.0 (Windows NT 10.0; Win64; x64) AppleWebKit/537.36 (KHTML, like Gecko) Chrome/81.0.4044.113 Safari/537.36 OPR/68.0.3618.56"
::1 - - [01/May/2020:11:04:19 +0000] "GET /api/blog/titleList?catelog=HTML HTTP/1.0" 200 694 "http://localhost:8080/index_catelog?catelog=HTML" "Mozilla/5.0 (Windows NT 10.0; Win64; x64) AppleWebKit/537.36 (KHTML, like Gecko) Chrome/81.0.4044.113 Safari/537.36 OPR/68.0.3618.56"
::ffff:127.0.0.1 - - [01/May/2020:11:05:23 +0000] "GET /api/blog/titleList?catelog=HTML HTTP/1.0" 200 694 "http://localhost:8080/index_catelog?catelog=HTML" "Mozilla/5.0 (Windows NT 10.0; Win64; x64) AppleWebKit/537.36 (KHTML, like Gecko) Chrome/81.0.4044.113 Safari/537.36 OPR/68.0.3618.56"
::ffff:127.0.0.1 - - [01/May/2020:11:05:23 +0000] "GET /api/blog/titleList?catelog=HTML HTTP/1.0" 200 694 "http://localhost:8080/index_catelog?catelog=HTML" "Mozilla/5.0 (Windows NT 10.0; Win64; x64) AppleWebKit/537.36 (KHTML, like Gecko) Chrome/81.0.4044.113 Safari/537.36 OPR/68.0.3618.56"
::1 - - [01/May/2020:11:05:26 +0000] "GET /api/blog/detail?id=14 HTTP/1.0" 200 8662 "http://localhost:8080/detail?id=14" "Mozilla/5.0 (Windows NT 10.0; Win64; x64) AppleWebKit/537.36 (KHTML, like Gecko) Chrome/81.0.4044.113 Safari/537.36 OPR/68.0.3618.56"
::1 - - [01/May/2020:11:05:26 +0000] "GET /api/blog/titleList?catelog=HTML HTTP/1.0" 200 694 "http://localhost:8080/detail?id=14" "Mozilla/5.0 (Windows NT 10.0; Win64; x64) AppleWebKit/537.36 (KHTML, like Gecko) Chrome/81.0.4044.113 Safari/537.36 OPR/68.0.3618.56"
::ffff:127.0.0.1 - - [01/May/2020:11:05:43 +0000] "GET /api/blog/detail?id=14 HTTP/1.0" 200 8662 "http://localhost:8080/detail.html?id=14" "Mozilla/5.0 (Windows NT 10.0; Win64; x64) AppleWebKit/537.36 (KHTML, like Gecko) Chrome/81.0.4044.113 Safari/537.36 OPR/68.0.3618.56"
::ffff:127.0.0.1 - - [01/May/2020:11:05:43 +0000] "GET /api/blog/titleList?catelog=HTML HTTP/1.0" 200 694 "http://localhost:8080/detail.html?id=14" "Mozilla/5.0 (Windows NT 10.0; Win64; x64) AppleWebKit/537.36 (KHTML, like Gecko) Chrome/81.0.4044.113 Safari/537.36 OPR/68.0.3618.56"
::1 - - [01/May/2020:11:05:45 +0000] "GET /api/blog/detail?id=16 HTTP/1.0" 200 5860 "http://localhost:8080/detail.html?id=16" "Mozilla/5.0 (Windows NT 10.0; Win64; x64) AppleWebKit/537.36 (KHTML, like Gecko) Chrome/81.0.4044.113 Safari/537.36 OPR/68.0.3618.56"
::1 - - [01/May/2020:11:05:45 +0000] "GET /api/blog/titleList?catelog=HTML HTTP/1.0" 200 694 "http://localhost:8080/detail.html?id=16" "Mozilla/5.0 (Windows NT 10.0; Win64; x64) AppleWebKit/537.36 (KHTML, like Gecko) Chrome/81.0.4044.113 Safari/537.36 OPR/68.0.3618.56"
::ffff:127.0.0.1 - - [01/May/2020:11:05:48 +0000] "GET /api/blog/detail?id=19 HTTP/1.0" 200 5542 "http://localhost:8080/detail.html?id=19" "Mozilla/5.0 (Windows NT 10.0; Win64; x64) AppleWebKit/537.36 (KHTML, like Gecko) Chrome/81.0.4044.113 Safari/537.36 OPR/68.0.3618.56"
::ffff:127.0.0.1 - - [01/May/2020:11:05:48 +0000] "GET /api/blog/titleList?catelog=HTML HTTP/1.0" 200 694 "http://localhost:8080/detail.html?id=19" "Mozilla/5.0 (Windows NT 10.0; Win64; x64) AppleWebKit/537.36 (KHTML, like Gecko) Chrome/81.0.4044.113 Safari/537.36 OPR/68.0.3618.56"
::1 - - [01/May/2020:11:17:16 +0000] "GET /api/blog/detail?id=19 HTTP/1.0" 200 5542 "http://localhost:8080/detail.html?id=19" "Mozilla/5.0 (Windows NT 10.0; Win64; x64) AppleWebKit/537.36 (KHTML, like Gecko) Chrome/81.0.4044.113 Safari/537.36 OPR/68.0.3618.56"
::1 - - [01/May/2020:11:17:16 +0000] "GET /api/blog/titleList?catelog=HTML HTTP/1.0" 200 694 "http://localhost:8080/detail.html?id=19" "Mozilla/5.0 (Windows NT 10.0; Win64; x64) AppleWebKit/537.36 (KHTML, like Gecko) Chrome/81.0.4044.113 Safari/537.36 OPR/68.0.3618.56"
::ffff:127.0.0.1 - - [01/May/2020:11:17:53 +0000] "GET /api/blog/detail?id=19 HTTP/1.0" 200 5542 "http://localhost:8080/detail.html?id=19" "Mozilla/5.0 (Windows NT 10.0; Win64; x64) AppleWebKit/537.36 (KHTML, like Gecko) Chrome/81.0.4044.113 Safari/537.36 OPR/68.0.3618.56"
::ffff:127.0.0.1 - - [01/May/2020:11:17:54 +0000] "GET /api/blog/titleList?catelog=HTML HTTP/1.0" 200 694 "http://localhost:8080/detail.html?id=19" "Mozilla/5.0 (Windows NT 10.0; Win64; x64) AppleWebKit/537.36 (KHTML, like Gecko) Chrome/81.0.4044.113 Safari/537.36 OPR/68.0.3618.56"
::1 - - [01/May/2020:11:18:16 +0000] "GET /api/blog/detail?id=14 HTTP/1.0" 200 8662 "http://localhost:8080/detail.html?id=14" "Mozilla/5.0 (Windows NT 10.0; Win64; x64) AppleWebKit/537.36 (KHTML, like Gecko) Chrome/81.0.4044.113 Safari/537.36 OPR/68.0.3618.56"
::1 - - [01/May/2020:11:18:16 +0000] "GET /api/blog/titleList?catelog=HTML HTTP/1.0" 200 694 "http://localhost:8080/detail.html?id=14" "Mozilla/5.0 (Windows NT 10.0; Win64; x64) AppleWebKit/537.36 (KHTML, like Gecko) Chrome/81.0.4044.113 Safari/537.36 OPR/68.0.3618.56"
::ffff:127.0.0.1 - - [01/May/2020:11:18:32 +0000] "GET /api/blog/detail?id=14 HTTP/1.0" 200 8662 "http://localhost:8080/detail.html?id=14" "Mozilla/5.0 (Windows NT 10.0; Win64; x64) AppleWebKit/537.36 (KHTML, like Gecko) Chrome/81.0.4044.113 Safari/537.36 OPR/68.0.3618.56"
::ffff:127.0.0.1 - - [01/May/2020:11:18:32 +0000] "GET /api/blog/titleList?catelog=HTML HTTP/1.0" 200 694 "http://localhost:8080/detail.html?id=14" "Mozilla/5.0 (Windows NT 10.0; Win64; x64) AppleWebKit/537.36 (KHTML, like Gecko) Chrome/81.0.4044.113 Safari/537.36 OPR/68.0.3618.56"
::1 - - [09/May/2020:14:56:16 +0000] "GET /api/user/visitCounter HTTP/1.0" 404 9 "http://localhost:8080/" "Mozilla/5.0 (Windows NT 10.0; Win64; x64; rv:76.0) Gecko/20100101 Firefox/76.0"
::ffff:127.0.0.1 - - [09/May/2020:14:59:06 +0000] "GET /api/user/visitCounter HTTP/1.0" 404 9 "http://localhost:8080/" "Mozilla/5.0 (Windows NT 10.0; Win64; x64; rv:76.0) Gecko/20100101 Firefox/76.0"
::1 - - [09/May/2020:14:59:17 +0000] "GET /api/user/visitCounter HTTP/1.0" 404 9 "http://localhost:8080/" "Mozilla/5.0 (Windows NT 10.0; Win64; x64; rv:76.0) Gecko/20100101 Firefox/76.0"
::ffff:127.0.0.1 - - [09/May/2020:14:59:24 +0000] "GET /api/user/visitCounter HTTP/1.0" 404 9 "http://localhost:8080/" "Mozilla/5.0 (Windows NT 10.0; Win64; x64; rv:76.0) Gecko/20100101 Firefox/76.0"
::1 - - [09/May/2020:15:00:08 +0000] "GET /api/user/visitCounter HTTP/1.0" 404 9 "http://localhost:8080/" "Mozilla/5.0 (Windows NT 10.0; Win64; x64; rv:76.0) Gecko/20100101 Firefox/76.0"
::ffff:127.0.0.1 - - [09/May/2020:15:00:45 +0000] "GET /api/blog/detail?id=1 HTTP/1.0" 200 16751 "http://localhost:8080/detail.html?id=1" "Mozilla/5.0 (Windows NT 10.0; Win64; x64; rv:76.0) Gecko/20100101 Firefox/76.0"
::1 - - [09/May/2020:15:00:46 +0000] "GET /api/blog/titleList?catelog=HTML HTTP/1.0" 200 688 "http://localhost:8080/detail.html?id=1" "Mozilla/5.0 (Windows NT 10.0; Win64; x64; rv:76.0) Gecko/20100101 Firefox/76.0"
::ffff:127.0.0.1 - - [09/May/2020:15:02:25 +0000] "GET /api/user/visitCounter HTTP/1.0" 404 9 "http://localhost:8080/" "Mozilla/5.0 (Windows NT 10.0; Win64; x64; rv:76.0) Gecko/20100101 Firefox/76.0"
::1 - - [09/May/2020:15:02:38 +0000] "GET /api/user/visitCounter HTTP/1.0" 404 9 "http://localhost:8080/" "Mozilla/5.0 (Windows NT 10.0; Win64; x64; rv:76.0) Gecko/20100101 Firefox/76.0"
::ffff:127.0.0.1 - - [09/May/2020:15:05:10 +0000] "GET /api/user/visitCounter HTTP/1.0" 404 9 "http://localhost:8080/" "Mozilla/5.0 (Windows NT 10.0; Win64; x64; rv:76.0) Gecko/20100101 Firefox/76.0"
::1 - - [09/May/2020:15:08:52 +0000] "GET /api/user/visitCounter HTTP/1.0" 404 9 "http://localhost:8080/" "Mozilla/5.0 (Windows NT 10.0; Win64; x64; rv:76.0) Gecko/20100101 Firefox/76.0"
::ffff:127.0.0.1 - - [09/May/2020:15:12:23 +0000] "GET /api/blog/detail?id=1 HTTP/1.0" 200 16751 "http://localhost:8080/detail.html?id=1" "Mozilla/5.0 (Windows NT 10.0; Win64; x64; rv:76.0) Gecko/20100101 Firefox/76.0"
::1 - - [09/May/2020:15:12:23 +0000] "GET /api/blog/titleList?catelog=HTML HTTP/1.0" 200 688 "http://localhost:8080/detail.html?id=1" "Mozilla/5.0 (Windows NT 10.0; Win64; x64; rv:76.0) Gecko/20100101 Firefox/76.0"
::ffff:127.0.0.1 - - [09/May/2020:15:16:27 +0000] "GET /api/user/visitCounter HTTP/1.0" 200 40 "http://localhost:8080/" "Mozilla/5.0 (Windows NT 10.0; Win64; x64; rv:76.0) Gecko/20100101 Firefox/76.0"
::1 - - [09/May/2020:15:18:07 +0000] "GET /api/user/visitCounter HTTP/1.0" 404 9 "http://localhost:8080/" "Mozilla/5.0 (Windows NT 10.0; Win64; x64; rv:76.0) Gecko/20100101 Firefox/76.0"
::ffff:127.0.0.1 - - [09/May/2020:15:20:49 +0000] "GET /api/user/visitCounter HTTP/1.0" 404 9 "http://localhost:8080/" "Mozilla/5.0 (Windows NT 10.0; Win64; x64; rv:76.0) Gecko/20100101 Firefox/76.0"
::1 - - [09/May/2020:15:24:32 +0000] "GET /api/user/visitCounter HTTP/1.0" 500 559 "http://localhost:8080/" "Mozilla/5.0 (Windows NT 10.0; Win64; x64; rv:76.0) Gecko/20100101 Firefox/76.0"
::ffff:127.0.0.1 - - [09/May/2020:15:25:04 +0000] "GET /api/user/visitCounter HTTP/1.0" 404 9 "http://localhost:8080/" "Mozilla/5.0 (Windows NT 10.0; Win64; x64; rv:76.0) Gecko/20100101 Firefox/76.0"
::1 - - [09/May/2020:15:27:35 +0000] "POST /api/PCA/postFile HTTP/1.0" 200 43 "http://localhost:8080/test19268" "Mozilla/5.0 (Windows NT 10.0; Win64; x64; rv:76.0) Gecko/20100101 Firefox/76.0"
::ffff:127.0.0.1 - - [09/May/2020:15:27:40 +0000] "GET /api/PCA/getFile?f=pca_test&id=1 HTTP/1.0" 404 9 "http://localhost:8080/test19268" "Mozilla/5.0 (Windows NT 10.0; Win64; x64; rv:76.0) Gecko/20100101 Firefox/76.0"
::1 - - [09/May/2020:15:29:35 +0000] "GET /api/user/visitCounter HTTP/1.0" 404 9 "http://localhost:8080/" "Mozilla/5.0 (Windows NT 10.0; Win64; x64; rv:76.0) Gecko/20100101 Firefox/76.0"
::ffff:127.0.0.1 - - [09/May/2020:15:36:26 +0000] "POST /api/user/login HTTP/1.0" 200 16 "http://localhost:8080/login" "Mozilla/5.0 (Windows NT 10.0; Win64; x64; rv:76.0) Gecko/20100101 Firefox/76.0"
::1 - - [09/May/2020:15:36:26 +0000] "GET /api/blog/list?isadmin=1 HTTP/1.0" 200 168422 "http://localhost:8080/admin.html" "Mozilla/5.0 (Windows NT 10.0; Win64; x64; rv:76.0) Gecko/20100101 Firefox/76.0"
::ffff:127.0.0.1 - - [09/May/2020:15:39:05 +0000] "GET /api/user/visitCounter HTTP/1.0" 404 9 "http://localhost:8080/" "Mozilla/5.0 (Windows NT 10.0; Win64; x64; rv:76.0) Gecko/20100101 Firefox/76.0"
::1 - - [09/May/2020:15:41:55 +0000] "GET /api/user/visitCounter HTTP/1.0" 200 2 "http://localhost:8080/" "Mozilla/5.0 (Windows NT 10.0; Win64; x64; rv:76.0) Gecko/20100101 Firefox/76.0"
::ffff:127.0.0.1 - - [09/May/2020:15:43:23 +0000] "GET /api/user/visitCounter HTTP/1.0" 200 2 "http://localhost:8080/" "Mozilla/5.0 (Windows NT 10.0; Win64; x64; rv:76.0) Gecko/20100101 Firefox/76.0"
::1 - - [09/May/2020:15:44:32 +0000] "GET /api/user/visitCounter HTTP/1.0" 200 2 "http://localhost:8080/" "Mozilla/5.0 (Windows NT 10.0; Win64; x64; rv:76.0) Gecko/20100101 Firefox/76.0"
::ffff:127.0.0.1 - - [09/May/2020:15:45:27 +0000] "GET /api/user/visitCounter HTTP/1.0" 404 9 "http://localhost:8080/" "Mozilla/5.0 (Windows NT 10.0; Win64; x64; rv:76.0) Gecko/20100101 Firefox/76.0"
::1 - - [09/May/2020:15:51:19 +0000] "GET /api/user/visitCounter HTTP/1.0" 404 9 "http://localhost:8080/" "Mozilla/5.0 (Windows NT 10.0; Win64; x64; rv:76.0) Gecko/20100101 Firefox/76.0"
::ffff:127.0.0.1 - - [09/May/2020:15:53:56 +0000] "GET /api/user/visitCounter HTTP/1.0" 404 9 "http://localhost:8080/" "Mozilla/5.0 (Windows NT 10.0; Win64; x64; rv:76.0) Gecko/20100101 Firefox/76.0"
::1 - - [09/May/2020:15:56:38 +0000] "GET /api/user/visitCounter HTTP/1.0" 404 9 "http://localhost:8080/" "Mozilla/5.0 (Windows NT 10.0; Win64; x64; rv:76.0) Gecko/20100101 Firefox/76.0"
::ffff:127.0.0.1 - - [09/May/2020:16:26:30 +0000] "GET /api/user/visitCounter HTTP/1.0" 404 9 "http://localhost:8080/" "Mozilla/5.0 (Windows NT 10.0; Win64; x64; rv:76.0) Gecko/20100101 Firefox/76.0"
::1 - - [09/May/2020:16:28:47 +0000] "GET /api/user/visitCounter HTTP/1.0" 404 9 "http://localhost:8080/" "Mozilla/5.0 (Windows NT 10.0; Win64; x64; rv:76.0) Gecko/20100101 Firefox/76.0"
::ffff:127.0.0.1 - - [09/May/2020:16:33:07 +0000] "GET /api/user/visitCounter HTTP/1.0" 404 9 "http://localhost:8080/" "Mozilla/5.0 (Windows NT 10.0; Win64; x64; rv:76.0) Gecko/20100101 Firefox/76.0"
::1 - - [09/May/2020:16:37:54 +0000] "GET /api/user/visitCounter HTTP/1.0" 200 24 "http://localhost:8080/" "Mozilla/5.0 (Windows NT 10.0; Win64; x64; rv:76.0) Gecko/20100101 Firefox/76.0"
::ffff:127.0.0.1 - - [09/May/2020:17:16:32 +0000] "POST /api/PCA/postFile HTTP/1.0" 500 559 "http://localhost:8080/test19268" "Mozilla/5.0 (Windows NT 10.0; Win64; x64; rv:76.0) Gecko/20100101 Firefox/76.0"
::1 - - [11/May/2020:14:15:29 +0000] "GET /api/user/visitCounter HTTP/1.0" 200 24 "http://localhost:8080/" "Mozilla/5.0 (Windows NT 10.0; Win64; x64; rv:76.0) Gecko/20100101 Firefox/76.0"
::ffff:127.0.0.1 - - [11/May/2020:14:15:53 +0000] "GET /api/user/visitCounter HTTP/1.0" 200 24 "http://localhost:8080/" "Mozilla/5.0 (Windows NT 10.0; Win64; x64; rv:76.0) Gecko/20100101 Firefox/76.0"
::1 - - [11/May/2020:14:49:49 +0000] "GET /api/user/visitCounter HTTP/1.0" 200 24 "http://localhost:8080/" "Mozilla/5.0 (Windows NT 10.0; Win64; x64; rv:76.0) Gecko/20100101 Firefox/76.0"
::ffff:127.0.0.1 - - [11/May/2020:14:57:12 +0000] "GET /api/user/visitCounter HTTP/1.0" 200 24 "http://localhost:8080/" "Mozilla/5.0 (Windows NT 10.0; Win64; x64; rv:76.0) Gecko/20100101 Firefox/76.0"
::1 - - [11/May/2020:15:00:53 +0000] "GET /api/user/visitCounter HTTP/1.0" 200 24 "http://localhost:8080/" "Mozilla/5.0 (Windows NT 10.0; Win64; x64; rv:76.0) Gecko/20100101 Firefox/76.0"
::ffff:127.0.0.1 - - [11/May/2020:15:01:57 +0000] "GET /api/user/visitCounter HTTP/1.0" 200 24 "http://localhost:8080/" "Mozilla/5.0 (Windows NT 10.0; Win64; x64; rv:76.0) Gecko/20100101 Firefox/76.0"
::1 - - [11/May/2020:15:07:02 +0000] "GET /api/user/visitCounter HTTP/1.0" 200 24 "http://localhost:8080/" "Mozilla/5.0 (Windows NT 10.0; Win64; x64; rv:76.0) Gecko/20100101 Firefox/76.0"
::ffff:127.0.0.1 - - [11/May/2020:15:07:28 +0000] "GET /api/user/visitCounter HTTP/1.0" 200 24 "http://localhost:8080/" "Mozilla/5.0 (Windows NT 10.0; Win64; x64; rv:76.0) Gecko/20100101 Firefox/76.0"
::1 - - [11/May/2020:15:08:29 +0000] "GET /api/user/visitCounter HTTP/1.0" 200 24 "http://localhost:8080/" "Mozilla/5.0 (Windows NT 10.0; Win64; x64; rv:76.0) Gecko/20100101 Firefox/76.0"
::ffff:127.0.0.1 - - [11/May/2020:15:23:03 +0000] "GET /api/user/visitCounter HTTP/1.0" 200 24 "http://localhost:8080/" "Mozilla/5.0 (Windows NT 10.0; Win64; x64; rv:76.0) Gecko/20100101 Firefox/76.0"
::1 - - [11/May/2020:15:41:57 +0000] "GET /api/user/visitCounter HTTP/1.0" 200 24 "http://localhost:8080/" "Mozilla/5.0 (Windows NT 10.0; Win64; x64; rv:76.0) Gecko/20100101 Firefox/76.0"
::ffff:127.0.0.1 - - [11/May/2020:15:42:44 +0000] "GET /api/user/visitCounter HTTP/1.0" 200 24 "http://localhost:8080/" "Mozilla/5.0 (Windows NT 10.0; Win64; x64; rv:76.0) Gecko/20100101 Firefox/76.0"
::1 - - [11/May/2020:15:43:22 +0000] "GET /api/user/visitCounter HTTP/1.0" 200 24 "http://localhost:8080/" "Mozilla/5.0 (Windows NT 10.0; Win64; x64; rv:76.0) Gecko/20100101 Firefox/76.0"
::ffff:127.0.0.1 - - [11/May/2020:15:45:15 +0000] "GET /api/user/visitCounter HTTP/1.0" 200 24 "http://localhost:8080/" "Mozilla/5.0 (Windows NT 10.0; Win64; x64; rv:76.0) Gecko/20100101 Firefox/76.0"
::1 - - [11/May/2020:15:46:28 +0000] "GET /api/user/visitCounter HTTP/1.0" 200 24 "http://localhost:8080/" "Mozilla/5.0 (Windows NT 10.0; Win64; x64; rv:76.0) Gecko/20100101 Firefox/76.0"
::ffff:127.0.0.1 - - [11/May/2020:15:46:58 +0000] "GET /api/user/visitCounter HTTP/1.0" 200 24 "http://localhost:8080/" "Mozilla/5.0 (Windows NT 10.0; Win64; x64; rv:76.0) Gecko/20100101 Firefox/76.0"
::1 - - [11/May/2020:15:51:37 +0000] "GET /api/blog/titleList?catelog=%E6%97%A5%E8%AF%AD HTTP/1.0" 200 558 "http://localhost:8080/index_catelog?catelog=JP" "Mozilla/5.0 (Windows NT 10.0; Win64; x64; rv:76.0) Gecko/20100101 Firefox/76.0"
::ffff:127.0.0.1 - - [11/May/2020:15:51:37 +0000] "GET /api/blog/titleList?catelog=%E6%97%A5%E8%AF%AD HTTP/1.0" 200 558 "http://localhost:8080/index_catelog?catelog=JP" "Mozilla/5.0 (Windows NT 10.0; Win64; x64; rv:76.0) Gecko/20100101 Firefox/76.0"
::1 - - [11/May/2020:15:51:55 +0000] "GET /api/blog/detail?id=11 HTTP/1.0" 200 2618 "http://localhost:8080/detail?id=11" "Mozilla/5.0 (Windows NT 10.0; Win64; x64; rv:76.0) Gecko/20100101 Firefox/76.0"
::ffff:127.0.0.1 - - [11/May/2020:15:51:55 +0000] "GET /api/blog/titleList?catelog=%E6%97%A5%E8%AF%AD HTTP/1.0" 200 558 "http://localhost:8080/detail?id=11" "Mozilla/5.0 (Windows NT 10.0; Win64; x64; rv:76.0) Gecko/20100101 Firefox/76.0"
::1 - - [11/May/2020:15:52:20 +0000] "GET /api/blog/titleList?catelog=%E6%97%A5%E8%AF%AD HTTP/1.0" 200 558 "http://localhost:8080/index_catelog?catelog=JP" "Mozilla/5.0 (Windows NT 10.0; Win64; x64; rv:76.0) Gecko/20100101 Firefox/76.0"
::ffff:127.0.0.1 - - [11/May/2020:15:52:20 +0000] "GET /api/blog/titleList?catelog=%E6%97%A5%E8%AF%AD HTTP/1.0" 200 558 "http://localhost:8080/index_catelog?catelog=JP" "Mozilla/5.0 (Windows NT 10.0; Win64; x64; rv:76.0) Gecko/20100101 Firefox/76.0"
::1 - - [11/May/2020:15:52:22 +0000] "GET /api/blog/detail?id=10 HTTP/1.0" 200 7330 "http://localhost:8080/detail?id=10" "Mozilla/5.0 (Windows NT 10.0; Win64; x64; rv:76.0) Gecko/20100101 Firefox/76.0"
::ffff:127.0.0.1 - - [11/May/2020:15:52:22 +0000] "GET /api/blog/titleList?catelog=%E6%97%A5%E8%AF%AD HTTP/1.0" 200 558 "http://localhost:8080/detail?id=10" "Mozilla/5.0 (Windows NT 10.0; Win64; x64; rv:76.0) Gecko/20100101 Firefox/76.0"
::1 - - [11/May/2020:15:52:24 +0000] "GET /api/blog/titleList?catelog=%E6%97%A5%E8%AF%AD HTTP/1.0" 200 558 "http://localhost:8080/index_catelog?catelog=JP" "Mozilla/5.0 (Windows NT 10.0; Win64; x64; rv:76.0) Gecko/20100101 Firefox/76.0"
::ffff:127.0.0.1 - - [11/May/2020:15:52:24 +0000] "GET /api/blog/titleList?catelog=%E6%97%A5%E8%AF%AD HTTP/1.0" 200 558 "http://localhost:8080/index_catelog?catelog=JP" "Mozilla/5.0 (Windows NT 10.0; Win64; x64; rv:76.0) Gecko/20100101 Firefox/76.0"
::1 - - [11/May/2020:15:52:25 +0000] "GET /api/blog/detail?id=9 HTTP/1.0" 200 5587 "http://localhost:8080/detail?id=9" "Mozilla/5.0 (Windows NT 10.0; Win64; x64; rv:76.0) Gecko/20100101 Firefox/76.0"
::ffff:127.0.0.1 - - [11/May/2020:15:52:25 +0000] "GET /api/blog/titleList?catelog=%E6%97%A5%E8%AF%AD HTTP/1.0" 200 558 "http://localhost:8080/detail?id=9" "Mozilla/5.0 (Windows NT 10.0; Win64; x64; rv:76.0) Gecko/20100101 Firefox/76.0"
::1 - - [11/May/2020:15:52:27 +0000] "GET /api/blog/titleList?catelog=%E6%97%A5%E8%AF%AD HTTP/1.0" 200 558 "http://localhost:8080/index_catelog?catelog=JP" "Mozilla/5.0 (Windows NT 10.0; Win64; x64; rv:76.0) Gecko/20100101 Firefox/76.0"
::ffff:127.0.0.1 - - [11/May/2020:15:52:27 +0000] "GET /api/blog/titleList?catelog=%E6%97%A5%E8%AF%AD HTTP/1.0" 200 558 "http://localhost:8080/index_catelog?catelog=JP" "Mozilla/5.0 (Windows NT 10.0; Win64; x64; rv:76.0) Gecko/20100101 Firefox/76.0"
::1 - - [11/May/2020:15:52:29 +0000] "GET /api/blog/detail?id=7 HTTP/1.0" 200 3330 "http://localhost:8080/detail?id=7" "Mozilla/5.0 (Windows NT 10.0; Win64; x64; rv:76.0) Gecko/20100101 Firefox/76.0"
::ffff:127.0.0.1 - - [11/May/2020:15:52:29 +0000] "GET /api/blog/titleList?catelog=%E6%97%A5%E8%AF%AD HTTP/1.0" 200 558 "http://localhost:8080/detail?id=7" "Mozilla/5.0 (Windows NT 10.0; Win64; x64; rv:76.0) Gecko/20100101 Firefox/76.0"
::1 - - [11/May/2020:15:52:30 +0000] "GET /api/blog/titleList?catelog=%E6%97%A5%E8%AF%AD HTTP/1.0" 200 558 "http://localhost:8080/index_catelog?catelog=JP" "Mozilla/5.0 (Windows NT 10.0; Win64; x64; rv:76.0) Gecko/20100101 Firefox/76.0"
::ffff:127.0.0.1 - - [11/May/2020:15:52:30 +0000] "GET /api/blog/titleList?catelog=%E6%97%A5%E8%AF%AD HTTP/1.0" 200 558 "http://localhost:8080/index_catelog?catelog=JP" "Mozilla/5.0 (Windows NT 10.0; Win64; x64; rv:76.0) Gecko/20100101 Firefox/76.0"
::1 - - [11/May/2020:15:53:10 +0000] "POST /api/user/login HTTP/1.0" 200 16 "http://localhost:8080/login" "Mozilla/5.0 (Windows NT 10.0; Win64; x64; rv:76.0) Gecko/20100101 Firefox/76.0"
::ffff:127.0.0.1 - - [11/May/2020:15:53:10 +0000] "GET /api/blog/list?isadmin=1 HTTP/1.0" 200 168422 "http://localhost:8080/admin.html" "Mozilla/5.0 (Windows NT 10.0; Win64; x64; rv:76.0) Gecko/20100101 Firefox/76.0"
::1 - - [11/May/2020:15:53:24 +0000] "POST /api/blog/new HTTP/1.0" 200 46 "http://localhost:8080/new.html" "Mozilla/5.0 (Windows NT 10.0; Win64; x64; rv:76.0) Gecko/20100101 Firefox/76.0"
::ffff:127.0.0.1 - - [11/May/2020:15:53:25 +0000] "GET /api/blog/list?isadmin=1 HTTP/1.0" 200 173592 "http://localhost:8080/admin.html" "Mozilla/5.0 (Windows NT 10.0; Win64; x64; rv:76.0) Gecko/20100101 Firefox/76.0"
::1 - - [11/May/2020:16:00:53 +0000] "GET /api/user/visitCounter HTTP/1.0" 200 24 "http://localhost:8080/" "Mozilla/5.0 (Windows NT 10.0; Win64; x64; rv:76.0) Gecko/20100101 Firefox/76.0"
::ffff:127.0.0.1 - - [11/May/2020:16:01:00 +0000] "GET /api/user/visitCounter HTTP/1.0" 200 24 "http://localhost:8080/" "Mozilla/5.0 (Windows NT 10.0; Win64; x64; rv:76.0) Gecko/20100101 Firefox/76.0"
::1 - - [11/May/2020:16:15:29 +0000] "GET /api/blog/titleList?catelog=HTML HTTP/1.0" 200 688 "http://localhost:8080/index_catelog?catelog=HTML" "Mozilla/5.0 (Windows NT 10.0; Win64; x64; rv:76.0) Gecko/20100101 Firefox/76.0"
::ffff:127.0.0.1 - - [11/May/2020:16:15:29 +0000] "GET /api/blog/titleList?catelog=HTML HTTP/1.0" 200 688 "http://localhost:8080/index_catelog?catelog=HTML" "Mozilla/5.0 (Windows NT 10.0; Win64; x64; rv:76.0) Gecko/20100101 Firefox/76.0"
::1 - - [11/May/2020:16:15:31 +0000] "GET /api/blog/detail?id=2 HTTP/1.0" 200 5056 "http://localhost:8080/detail.html?id=2" "Mozilla/5.0 (Windows NT 10.0; Win64; x64; rv:76.0) Gecko/20100101 Firefox/76.0"
::ffff:127.0.0.1 - - [11/May/2020:16:15:31 +0000] "GET /api/blog/titleList?catelog=HTML HTTP/1.0" 200 688 "http://localhost:8080/detail.html?id=2" "Mozilla/5.0 (Windows NT 10.0; Win64; x64; rv:76.0) Gecko/20100101 Firefox/76.0"
::1 - - [11/May/2020:16:15:55 +0000] "GET /api/blog/detail?id=2 HTTP/1.0" 200 5056 "http://localhost:8080/detail.html?id=2" "Mozilla/5.0 (Windows NT 10.0; Win64; x64; rv:76.0) Gecko/20100101 Firefox/76.0"
::ffff:127.0.0.1 - - [11/May/2020:16:15:55 +0000] "GET /api/blog/titleList?catelog=HTML HTTP/1.0" 200 688 "http://localhost:8080/detail.html?id=2" "Mozilla/5.0 (Windows NT 10.0; Win64; x64; rv:76.0) Gecko/20100101 Firefox/76.0"
::1 - - [11/May/2020:16:17:34 +0000] "GET /api/blog/detail?id=2 HTTP/1.0" 200 5056 "http://localhost:8080/detail.html?id=2" "Mozilla/5.0 (Windows NT 10.0; Win64; x64; rv:76.0) Gecko/20100101 Firefox/76.0"
::ffff:127.0.0.1 - - [11/May/2020:16:17:34 +0000] "GET /api/blog/titleList?catelog=HTML HTTP/1.0" 200 688 "http://localhost:8080/detail.html?id=2" "Mozilla/5.0 (Windows NT 10.0; Win64; x64; rv:76.0) Gecko/20100101 Firefox/76.0"
::1 - - [11/May/2020:16:18:32 +0000] "GET /api/blog/detail?id=2 HTTP/1.0" 200 5056 "http://localhost:8080/detail.html?id=2" "Mozilla/5.0 (Windows NT 10.0; Win64; x64; rv:76.0) Gecko/20100101 Firefox/76.0"
::ffff:127.0.0.1 - - [11/May/2020:16:18:32 +0000] "GET /api/blog/titleList?catelog=HTML HTTP/1.0" 200 688 "http://localhost:8080/detail.html?id=2" "Mozilla/5.0 (Windows NT 10.0; Win64; x64; rv:76.0) Gecko/20100101 Firefox/76.0"
::1 - - [11/May/2020:16:21:23 +0000] "GET /api/blog/detail?id=2 HTTP/1.0" 200 5056 "http://localhost:8080/detail.html?id=2" "Mozilla/5.0 (Windows NT 10.0; Win64; x64; rv:76.0) Gecko/20100101 Firefox/76.0"
::ffff:127.0.0.1 - - [11/May/2020:16:21:23 +0000] "GET /api/blog/titleList?catelog=HTML HTTP/1.0" 200 688 "http://localhost:8080/detail.html?id=2" "Mozilla/5.0 (Windows NT 10.0; Win64; x64; rv:76.0) Gecko/20100101 Firefox/76.0"
::1 - - [11/May/2020:16:22:26 +0000] "GET /api/blog/detail?id=2 HTTP/1.0" 200 5056 "http://localhost:8080/detail.html?id=2" "Mozilla/5.0 (Windows NT 10.0; Win64; x64; rv:76.0) Gecko/20100101 Firefox/76.0"
::ffff:127.0.0.1 - - [11/May/2020:16:22:26 +0000] "GET /api/blog/titleList?catelog=HTML HTTP/1.0" 200 688 "http://localhost:8080/detail.html?id=2" "Mozilla/5.0 (Windows NT 10.0; Win64; x64; rv:76.0) Gecko/20100101 Firefox/76.0"
::1 - - [11/May/2020:16:24:50 +0000] "GET /api/blog/detail?id=2 HTTP/1.0" 200 5056 "http://localhost:8080/detail.html?id=2" "Mozilla/5.0 (Windows NT 10.0; Win64; x64; rv:76.0) Gecko/20100101 Firefox/76.0"
::ffff:127.0.0.1 - - [11/May/2020:16:24:50 +0000] "GET /api/blog/titleList?catelog=HTML HTTP/1.0" 200 688 "http://localhost:8080/detail.html?id=2" "Mozilla/5.0 (Windows NT 10.0; Win64; x64; rv:76.0) Gecko/20100101 Firefox/76.0"
::1 - - [11/May/2020:16:25:06 +0000] "GET /api/blog/detail?id=2 HTTP/1.0" 200 5056 "http://localhost:8080/detail.html?id=2" "Mozilla/5.0 (Windows NT 10.0; Win64; x64; rv:76.0) Gecko/20100101 Firefox/76.0"
::ffff:127.0.0.1 - - [11/May/2020:16:25:06 +0000] "GET /api/blog/titleList?catelog=HTML HTTP/1.0" 200 688 "http://localhost:8080/detail.html?id=2" "Mozilla/5.0 (Windows NT 10.0; Win64; x64; rv:76.0) Gecko/20100101 Firefox/76.0"
::1 - - [11/May/2020:16:25:42 +0000] "GET /api/blog/detail?id=2 HTTP/1.0" 200 5056 "http://localhost:8080/detail.html?id=2" "Mozilla/5.0 (Windows NT 10.0; Win64; x64; rv:76.0) Gecko/20100101 Firefox/76.0"
::ffff:127.0.0.1 - - [11/May/2020:16:25:42 +0000] "GET /api/blog/titleList?catelog=HTML HTTP/1.0" 200 688 "http://localhost:8080/detail.html?id=2" "Mozilla/5.0 (Windows NT 10.0; Win64; x64; rv:76.0) Gecko/20100101 Firefox/76.0"
::1 - - [11/May/2020:16:26:03 +0000] "GET /api/blog/detail?id=2 HTTP/1.0" 200 5056 "http://localhost:8080/detail.html?id=2" "Mozilla/5.0 (Windows NT 10.0; Win64; x64; rv:76.0) Gecko/20100101 Firefox/76.0"
::ffff:127.0.0.1 - - [11/May/2020:16:26:03 +0000] "GET /api/blog/titleList?catelog=HTML HTTP/1.0" 200 688 "http://localhost:8080/detail.html?id=2" "Mozilla/5.0 (Windows NT 10.0; Win64; x64; rv:76.0) Gecko/20100101 Firefox/76.0"
::1 - - [11/May/2020:16:26:17 +0000] "GET /api/blog/detail?id=2 HTTP/1.0" 200 5056 "http://localhost:8080/detail.html?id=2" "Mozilla/5.0 (Windows NT 10.0; Win64; x64; rv:76.0) Gecko/20100101 Firefox/76.0"
::ffff:127.0.0.1 - - [11/May/2020:16:26:17 +0000] "GET /api/blog/titleList?catelog=HTML HTTP/1.0" 200 688 "http://localhost:8080/detail.html?id=2" "Mozilla/5.0 (Windows NT 10.0; Win64; x64; rv:76.0) Gecko/20100101 Firefox/76.0"
::1 - - [11/May/2020:16:26:43 +0000] "GET /api/blog/detail?id=2 HTTP/1.0" 200 5056 "http://localhost:8080/detail.html?id=2" "Mozilla/5.0 (Windows NT 10.0; Win64; x64; rv:76.0) Gecko/20100101 Firefox/76.0"
::ffff:127.0.0.1 - - [11/May/2020:16:26:43 +0000] "GET /api/blog/titleList?catelog=HTML HTTP/1.0" 200 688 "http://localhost:8080/detail.html?id=2" "Mozilla/5.0 (Windows NT 10.0; Win64; x64; rv:76.0) Gecko/20100101 Firefox/76.0"
::1 - - [11/May/2020:16:27:09 +0000] "GET /api/blog/detail?id=2 HTTP/1.0" 200 5056 "http://localhost:8080/detail.html?id=2" "Mozilla/5.0 (Windows NT 10.0; Win64; x64; rv:76.0) Gecko/20100101 Firefox/76.0"
::ffff:127.0.0.1 - - [11/May/2020:16:27:09 +0000] "GET /api/blog/titleList?catelog=HTML HTTP/1.0" 200 688 "http://localhost:8080/detail.html?id=2" "Mozilla/5.0 (Windows NT 10.0; Win64; x64; rv:76.0) Gecko/20100101 Firefox/76.0"
::1 - - [11/May/2020:16:27:12 +0000] "GET /api/blog/detail?id=2 HTTP/1.0" 200 5056 "http://localhost:8080/detail.html?id=2" "Mozilla/5.0 (Windows NT 10.0; Win64; x64; rv:76.0) Gecko/20100101 Firefox/76.0"
::ffff:127.0.0.1 - - [11/May/2020:16:27:12 +0000] "GET /api/blog/titleList?catelog=HTML HTTP/1.0" 200 688 "http://localhost:8080/detail.html?id=2" "Mozilla/5.0 (Windows NT 10.0; Win64; x64; rv:76.0) Gecko/20100101 Firefox/76.0"
::1 - - [11/May/2020:16:29:02 +0000] "GET /api/blog/detail?id=2 HTTP/1.0" 200 5056 "http://localhost:8080/detail.html?id=2" "Mozilla/5.0 (Windows NT 10.0; Win64; x64; rv:76.0) Gecko/20100101 Firefox/76.0"
::ffff:127.0.0.1 - - [11/May/2020:16:29:02 +0000] "GET /api/blog/titleList?catelog=HTML HTTP/1.0" 200 688 "http://localhost:8080/detail.html?id=2" "Mozilla/5.0 (Windows NT 10.0; Win64; x64; rv:76.0) Gecko/20100101 Firefox/76.0"
::1 - - [11/May/2020:16:29:53 +0000] "GET /api/blog/detail?id=2 HTTP/1.0" 200 5056 "http://localhost:8080/detail.html?id=2" "Mozilla/5.0 (Windows NT 10.0; Win64; x64; rv:76.0) Gecko/20100101 Firefox/76.0"
::ffff:127.0.0.1 - - [11/May/2020:16:29:53 +0000] "GET /api/blog/titleList?catelog=HTML HTTP/1.0" 200 688 "http://localhost:8080/detail.html?id=2" "Mozilla/5.0 (Windows NT 10.0; Win64; x64; rv:76.0) Gecko/20100101 Firefox/76.0"
::1 - - [11/May/2020:16:30:21 +0000] "GET /api/user/visitCounter HTTP/1.0" 200 24 "http://localhost:8080/index.html" "Mozilla/5.0 (Windows NT 10.0; Win64; x64; rv:76.0) Gecko/20100101 Firefox/76.0"
::ffff:127.0.0.1 - - [11/May/2020:16:30:49 +0000] "GET /api/user/visitCounter HTTP/1.0" 200 24 "http://localhost:8080/index.html" "Mozilla/5.0 (Windows NT 10.0; Win64; x64; rv:76.0) Gecko/20100101 Firefox/76.0"
::1 - - [11/May/2020:16:32:10 +0000] "GET /api/user/visitCounter HTTP/1.0" 200 24 "http://localhost:8080/index.html" "Mozilla/5.0 (Windows NT 10.0; Win64; x64; rv:76.0) Gecko/20100101 Firefox/76.0"
::ffff:127.0.0.1 - - [11/May/2020:16:32:20 +0000] "GET /api/blog/detail?id=2 HTTP/1.0" 200 5056 "http://localhost:8080/detail.html?id=2" "Mozilla/5.0 (Windows NT 10.0; Win64; x64; rv:76.0) Gecko/20100101 Firefox/76.0"
::1 - - [11/May/2020:16:32:20 +0000] "GET /api/blog/titleList?catelog=HTML HTTP/1.0" 200 688 "http://localhost:8080/detail.html?id=2" "Mozilla/5.0 (Windows NT 10.0; Win64; x64; rv:76.0) Gecko/20100101 Firefox/76.0"
::ffff:127.0.0.1 - - [11/May/2020:17:22:06 +0000] "GET /api/user/visitCounter HTTP/1.0" 200 24 "http://localhost:8080/index.html" "Mozilla/5.0 (Windows NT 10.0; Win64; x64; rv:76.0) Gecko/20100101 Firefox/76.0"
::1 - - [11/May/2020:17:22:10 +0000] "GET /api/blog/titleList?catelog=HTML HTTP/1.0" 200 688 "http://localhost:8080/index_catelog?catelog=HTML" "Mozilla/5.0 (Windows NT 10.0; Win64; x64; rv:76.0) Gecko/20100101 Firefox/76.0"
::ffff:127.0.0.1 - - [11/May/2020:17:22:10 +0000] "GET /api/blog/titleList?catelog=HTML HTTP/1.0" 200 688 "http://localhost:8080/index_catelog?catelog=HTML" "Mozilla/5.0 (Windows NT 10.0; Win64; x64; rv:76.0) Gecko/20100101 Firefox/76.0"
::1 - - [11/May/2020:17:22:10 +0000] "GET /api/user/visitCounter HTTP/1.0" 200 24 "http://localhost:8080/index_catelog?catelog=HTML" "Mozilla/5.0 (Windows NT 10.0; Win64; x64; rv:76.0) Gecko/20100101 Firefox/76.0"
::1 - - [11/May/2020:17:22:32 +0000] "GET /api/blog/titleList?catelog=HTML HTTP/1.0" 200 688 "http://localhost:8080/index_catelog?catelog=HTML" "Mozilla/5.0 (Windows NT 10.0; Win64; x64; rv:76.0) Gecko/20100101 Firefox/76.0"
::ffff:127.0.0.1 - - [11/May/2020:17:22:32 +0000] "GET /api/blog/titleList?catelog=HTML HTTP/1.0" 200 688 "http://localhost:8080/index_catelog?catelog=HTML" "Mozilla/5.0 (Windows NT 10.0; Win64; x64; rv:76.0) Gecko/20100101 Firefox/76.0"
::ffff:127.0.0.1 - - [11/May/2020:17:22:32 +0000] "GET /api/user/visitCounter HTTP/1.0" 200 24 "http://localhost:8080/index_catelog?catelog=HTML" "Mozilla/5.0 (Windows NT 10.0; Win64; x64; rv:76.0) Gecko/20100101 Firefox/76.0"
::1 - - [11/May/2020:17:22:40 +0000] "GET /api/blog/detail?id=2 HTTP/1.0" 200 5056 "http://localhost:8080/detail.html?id=2" "Mozilla/5.0 (Windows NT 10.0; Win64; x64; rv:76.0) Gecko/20100101 Firefox/76.0"
::ffff:127.0.0.1 - - [11/May/2020:17:22:40 +0000] "GET /api/blog/titleList?catelog=HTML HTTP/1.0" 200 688 "http://localhost:8080/detail.html?id=2" "Mozilla/5.0 (Windows NT 10.0; Win64; x64; rv:76.0) Gecko/20100101 Firefox/76.0"
::1 - - [11/May/2020:17:22:59 +0000] "GET /api/blog/detail?id=2 HTTP/1.0" 200 5056 "http://localhost:8080/detail.html?id=2" "Mozilla/5.0 (Windows NT 10.0; Win64; x64; rv:76.0) Gecko/20100101 Firefox/76.0"
::ffff:127.0.0.1 - - [11/May/2020:17:22:59 +0000] "GET /api/blog/titleList?catelog=HTML HTTP/1.0" 200 688 "http://localhost:8080/detail.html?id=2" "Mozilla/5.0 (Windows NT 10.0; Win64; x64; rv:76.0) Gecko/20100101 Firefox/76.0"
::1 - - [11/May/2020:17:22:59 +0000] "GET /api/user/visitCounter HTTP/1.0" 200 24 "http://localhost:8080/detail.html?id=2" "Mozilla/5.0 (Windows NT 10.0; Win64; x64; rv:76.0) Gecko/20100101 Firefox/76.0"
::ffff:127.0.0.1 - - [11/May/2020:17:24:34 +0000] "GET /api/blog/detail?id=2 HTTP/1.0" 200 5056 "http://localhost:8080/detail.html?id=2" "Mozilla/5.0 (Windows NT 10.0; Win64; x64; rv:76.0) Gecko/20100101 Firefox/76.0"
::1 - - [11/May/2020:17:24:35 +0000] "GET /api/blog/titleList?catelog=HTML HTTP/1.0" 200 688 "http://localhost:8080/detail.html?id=2" "Mozilla/5.0 (Windows NT 10.0; Win64; x64; rv:76.0) Gecko/20100101 Firefox/76.0"
::ffff:127.0.0.1 - - [11/May/2020:17:24:35 +0000] "GET /api/user/visitCounter HTTP/1.0" 200 24 "http://localhost:8080/detail.html?id=2" "Mozilla/5.0 (Windows NT 10.0; Win64; x64; rv:76.0) Gecko/20100101 Firefox/76.0"
::1 - - [11/May/2020:17:24:38 +0000] "GET /api/blog/detail?id=2 HTTP/1.0" 200 5056 "http://localhost:8080/detail.html?id=2" "Mozilla/5.0 (Windows NT 10.0; Win64; x64; rv:76.0) Gecko/20100101 Firefox/76.0"
::ffff:127.0.0.1 - - [11/May/2020:17:24:38 +0000] "GET /api/blog/titleList?catelog=HTML HTTP/1.0" 200 688 "http://localhost:8080/detail.html?id=2" "Mozilla/5.0 (Windows NT 10.0; Win64; x64; rv:76.0) Gecko/20100101 Firefox/76.0"
::1 - - [11/May/2020:17:24:38 +0000] "GET /api/user/visitCounter HTTP/1.0" 200 24 "http://localhost:8080/detail.html?id=2" "Mozilla/5.0 (Windows NT 10.0; Win64; x64; rv:76.0) Gecko/20100101 Firefox/76.0"
::1 - - [12/May/2020:02:29:07 +0000] "GET /api/user/visitCounter HTTP/1.0" 200 24 "http://localhost:8080/" "Mozilla/5.0 (Windows NT 10.0; Win64; x64; rv:76.0) Gecko/20100101 Firefox/76.0"
::ffff:127.0.0.1 - - [12/May/2020:02:45:26 +0000] "GET /api/user/visitCounter HTTP/1.0" 200 24 "http://localhost:8080/" "Mozilla/5.0 (Windows NT 10.0; Win64; x64; rv:76.0) Gecko/20100101 Firefox/76.0"
::1 - - [12/May/2020:02:45:39 +0000] "GET /api/user/visitCounter HTTP/1.0" 200 24 "http://localhost:8080/" "Mozilla/5.0 (Windows NT 10.0; Win64; x64; rv:76.0) Gecko/20100101 Firefox/76.0"
::ffff:127.0.0.1 - - [12/May/2020:02:46:04 +0000] "GET /api/user/visitCounter HTTP/1.0" 200 24 "http://localhost:8080/" "Mozilla/5.0 (Windows NT 10.0; Win64; x64; rv:76.0) Gecko/20100101 Firefox/76.0"
::1 - - [12/May/2020:02:46:17 +0000] "GET /api/user/visitCounter HTTP/1.0" 200 24 "http://localhost:8080/" "Mozilla/5.0 (Windows NT 10.0; Win64; x64; rv:76.0) Gecko/20100101 Firefox/76.0"
::ffff:127.0.0.1 - - [12/May/2020:02:46:34 +0000] "GET /api/user/visitCounter HTTP/1.0" 200 24 "http://localhost:8080/" "Mozilla/5.0 (Windows NT 10.0; Win64; x64; rv:76.0) Gecko/20100101 Firefox/76.0"
::1 - - [12/May/2020:02:46:53 +0000] "GET /api/user/visitCounter HTTP/1.0" 200 24 "http://localhost:8080/" "Mozilla/5.0 (Windows NT 10.0; Win64; x64; rv:76.0) Gecko/20100101 Firefox/76.0"
::ffff:127.0.0.1 - - [12/May/2020:02:48:18 +0000] "GET /api/user/visitCounter HTTP/1.0" 200 24 "http://localhost:8080/" "Mozilla/5.0 (Windows NT 10.0; Win64; x64; rv:76.0) Gecko/20100101 Firefox/76.0"
::1 - - [12/May/2020:02:49:10 +0000] "GET /api/user/visitCounter HTTP/1.0" 200 24 "http://localhost:8080/" "Mozilla/5.0 (Windows NT 10.0; Win64; x64; rv:76.0) Gecko/20100101 Firefox/76.0"
::ffff:127.0.0.1 - - [12/May/2020:08:08:11 +0000] "GET /api/user/visitCounter HTTP/1.0" 200 24 "http://localhost:8080/" "Mozilla/5.0 (Windows NT 10.0; Win64; x64; rv:76.0) Gecko/20100101 Firefox/76.0"
::1 - - [12/May/2020:08:08:51 +0000] "GET /api/user/visitCounter HTTP/1.0" 200 24 "http://localhost:8080/" "Mozilla/5.0 (Windows NT 10.0; Win64; x64; rv:76.0) Gecko/20100101 Firefox/76.0"
::ffff:127.0.0.1 - - [12/May/2020:08:09:24 +0000] "GET /api/user/visitCounter HTTP/1.0" 200 24 "http://localhost:8080/" "Mozilla/5.0 (Windows NT 10.0; Win64; x64; rv:76.0) Gecko/20100101 Firefox/76.0"
::1 - - [12/May/2020:08:09:37 +0000] "GET /api/user/visitCounter HTTP/1.0" 200 24 "http://localhost:8080/" "Mozilla/5.0 (Windows NT 10.0; Win64; x64; rv:76.0) Gecko/20100101 Firefox/76.0"
::ffff:127.0.0.1 - - [12/May/2020:08:14:43 +0000] "GET /api/user/visitCounter HTTP/1.0" 200 24 "http://localhost:8080/" "Mozilla/5.0 (Windows NT 10.0; Win64; x64; rv:76.0) Gecko/20100101 Firefox/76.0"
::1 - - [12/May/2020:08:14:48 +0000] "GET /api/user/visitCounter HTTP/1.0" 200 24 "http://localhost:8080/" "Mozilla/5.0 (Windows NT 10.0; Win64; x64; rv:76.0) Gecko/20100101 Firefox/76.0"
::ffff:127.0.0.1 - - [12/May/2020:08:16:04 +0000] "GET /api/user/visitCounter HTTP/1.0" 200 24 "http://localhost:8080/" "Mozilla/5.0 (Windows NT 10.0; Win64; x64; rv:76.0) Gecko/20100101 Firefox/76.0"
::1 - - [12/May/2020:08:16:19 +0000] "GET /api/user/visitCounter HTTP/1.0" 200 24 "http://localhost:8080/" "Mozilla/5.0 (Windows NT 10.0; Win64; x64; rv:76.0) Gecko/20100101 Firefox/76.0"
::ffff:127.0.0.1 - - [12/May/2020:08:17:42 +0000] "GET /api/user/visitCounter HTTP/1.0" 200 24 "http://localhost:8080/" "Mozilla/5.0 (Windows NT 10.0; Win64; x64; rv:76.0) Gecko/20100101 Firefox/76.0"
::1 - - [12/May/2020:08:18:22 +0000] "GET /api/user/visitCounter HTTP/1.0" 200 24 "http://localhost:8080/" "Mozilla/5.0 (Windows NT 10.0; Win64; x64; rv:76.0) Gecko/20100101 Firefox/76.0"
::ffff:127.0.0.1 - - [12/May/2020:08:18:45 +0000] "GET /api/user/visitCounter HTTP/1.0" 200 24 "http://localhost:8080/" "Mozilla/5.0 (Windows NT 10.0; Win64; x64; rv:76.0) Gecko/20100101 Firefox/76.0"
::1 - - [12/May/2020:08:20:21 +0000] "GET /api/user/visitCounter HTTP/1.0" 200 24 "http://localhost:8080/" "Mozilla/5.0 (Windows NT 10.0; Win64; x64; rv:76.0) Gecko/20100101 Firefox/76.0"
::ffff:127.0.0.1 - - [12/May/2020:08:20:34 +0000] "GET /api/user/visitCounter HTTP/1.0" 200 24 "http://localhost:8080/" "Mozilla/5.0 (Windows NT 10.0; Win64; x64; rv:76.0) Gecko/20100101 Firefox/76.0"
::1 - - [12/May/2020:08:21:33 +0000] "GET /api/user/visitCounter HTTP/1.0" 200 24 "http://localhost:8080/" "Mozilla/5.0 (Windows NT 10.0; Win64; x64; rv:76.0) Gecko/20100101 Firefox/76.0"
::ffff:127.0.0.1 - - [12/May/2020:08:23:46 +0000] "GET /api/user/visitCounter HTTP/1.0" 200 24 "http://localhost:8080/" "Mozilla/5.0 (Windows NT 10.0; Win64; x64; rv:76.0) Gecko/20100101 Firefox/76.0"
::1 - - [12/May/2020:08:23:55 +0000] "GET /api/user/visitCounter HTTP/1.0" 200 24 "http://localhost:8080/" "Mozilla/5.0 (Windows NT 10.0; Win64; x64; rv:76.0) Gecko/20100101 Firefox/76.0"
::ffff:127.0.0.1 - - [12/May/2020:08:24:04 +0000] "GET /api/user/visitCounter HTTP/1.0" 200 24 "http://localhost:8080/" "Mozilla/5.0 (Windows NT 10.0; Win64; x64; rv:76.0) Gecko/20100101 Firefox/76.0"
::1 - - [12/May/2020:08:24:45 +0000] "GET /api/user/visitCounter HTTP/1.0" 200 24 "http://localhost:8080/" "Mozilla/5.0 (Windows NT 10.0; Win64; x64; rv:76.0) Gecko/20100101 Firefox/76.0"
::ffff:127.0.0.1 - - [12/May/2020:08:24:54 +0000] "GET /api/user/visitCounter HTTP/1.0" 200 24 "http://localhost:8080/" "Mozilla/5.0 (Windows NT 10.0; Win64; x64; rv:76.0) Gecko/20100101 Firefox/76.0"
::1 - - [12/May/2020:08:25:10 +0000] "GET /api/user/visitCounter HTTP/1.0" 200 24 "http://localhost:8080/" "Mozilla/5.0 (Windows NT 10.0; Win64; x64; rv:76.0) Gecko/20100101 Firefox/76.0"
::ffff:127.0.0.1 - - [12/May/2020:08:25:51 +0000] "GET /api/user/visitCounter HTTP/1.0" 200 24 "http://localhost:8080/" "Mozilla/5.0 (Windows NT 10.0; Win64; x64; rv:76.0) Gecko/20100101 Firefox/76.0"
::1 - - [12/May/2020:08:27:37 +0000] "GET /api/user/visitCounter HTTP/1.0" 200 24 "http://localhost:8080/" "Mozilla/5.0 (Windows NT 10.0; Win64; x64; rv:76.0) Gecko/20100101 Firefox/76.0"
